// Jest Snapshot v1, https://goo.gl/fbAQLP

exports[`Home page Should match the snapshot 1`] = `
<div>
  <div
    class="FlexBox-flexBox-0-2-11 FlexBox-flexBoxDirectionColumn-0-2-24 FlexBox-justifyContentStart-0-2-14 FlexBox-alignItemsStretch-0-2-22 FlexBox-flexWrapNoWrap-0-2-28"
  >
    <div
      class="FlexBox-flexBox-0-2-11 FlexBox-flexBoxDirectionRow-0-2-26 FlexBox-justifyContentStart-0-2-14 FlexBox-alignItemsStretch-0-2-22 FlexBox-flexWrapNoWrap-0-2-28 ShellBar-shellbar-0-2-31"
    >
      <div
        class="FlexBox-flexBox-0-2-11 FlexBox-flexBoxDirectionRow-0-2-26 FlexBox-justifyContentStart-0-2-14 FlexBox-alignItemsStretch-0-2-22 FlexBox-flexWrapNoWrap-0-2-28 ShellBar-logoContainer-0-2-32"
      >
        <img
          alt="Logo"
          class="ShellBar-logoImage-0-2-33"
          src="https://static-00.iconduck.com/assets.00/fork-and-knife-with-plate-emoji-2048x2048-4e58vsav.png"
        />
        <ui5-title
          level="H5"
          ui5-title=""
        >
          UniFood
        </ui5-title>
      </div>
      <div
        class="FlexBox-flexBox-0-2-11 FlexBox-flexBoxDirectionRow-0-2-26 FlexBox-justifyContentStart-0-2-14 FlexBox-alignItemsStretch-0-2-22 FlexBox-flexWrapNoWrap-0-2-28 ShellBar-itemsContainer-0-2-35"
      >
        <div
          aria-describedby="tippy-tooltip-1"
          class=""
          data-original-title="Pesquisar avaliações"
          data-tooltipped=""
          style="display: inline;"
        >
          <ui5-button
            design="Emphasized"
            disabled="true"
            icon="search"
            tooltip=" "
            ui5-button=""
          />
        </div>
        <div
          aria-describedby="tippy-tooltip-2"
          class=""
          data-original-title="Criar nova avaliação"
          data-tooltipped=""
          style="display: inline;"
        >
          <ui5-button
            design="Emphasized"
            icon="add"
            tooltip=" "
            ui5-button=""
          />
        </div>
        <div
          aria-describedby="tippy-tooltip-3"
          class=""
          data-original-title="Entrar"
          data-tooltipped=""
          style="display: inline;"
        >
          <ui5-button
            design="Default"
            disabled="true"
            icon="visits"
            tooltip=" "
            ui5-button=""
          />
        </div>
        <ui5-avatar
          color-scheme="Accent6"
          icon="employee"
          size="S"
          ui5-avatar=""
        />
      </div>
    </div>
    <div
      class="FlexBox-flexBox-0-2-11 FlexBox-flexBoxDirectionColumn-0-2-24 FlexBox-justifyContentStart-0-2-14 FlexBox-alignItemsStretch-0-2-22 FlexBox-flexWrapNoWrap-0-2-28"
    >
      <div
        class="FlexBox-flexBox-0-2-11 FlexBox-flexBoxDirectionRow-0-2-26 FlexBox-justifyContentStart-0-2-14 FlexBox-alignItemsStretch-0-2-22 FlexBox-flexWrapNoWrap-0-2-28 Home-boxesContainer-0-2-3"
      >
        <div
          class="FlexBox-flexBox-0-2-11 FlexBox-flexBoxDirectionRow-0-2-26 FlexBox-justifyContentStart-0-2-14 FlexBox-alignItemsStretch-0-2-22 FlexBox-flexWrapNoWrap-0-2-28 CreateReviewInfoBox-box-0-2-36"
        >
          <div
            class="FlexBox-flexBox-0-2-11 FlexBox-flexBoxDirectionColumn-0-2-24 FlexBox-justifyContentStart-0-2-14 FlexBox-alignItemsStretch-0-2-22 FlexBox-flexWrapNoWrap-0-2-28 CreateReviewInfoBox-boxTextContainer-0-2-37"
          >
            <ui5-title
              level="H4"
              ui5-title=""
            >
              Avalie sua experiência em um RU!
            </ui5-title>
            <span
              class="Text-text-0-2-41 CreateReviewInfoBox-boxSubtitle-0-2-39"
            >
              Ajude outros universitários a escolher o melhor RU para frequentar.
            </span>
          </div>
          <div
            class="FlexBox-flexBox-0-2-11 FlexBox-flexBoxDirectionRow-0-2-26 FlexBox-justifyContentStart-0-2-14 FlexBox-alignItemsStretch-0-2-22 FlexBox-flexWrapNoWrap-0-2-28 CreateReviewInfoBox-boxButtonContainer-0-2-38"
          >
            <ui5-button
              class="CreateReviewInfoBox-boxButton-0-2-40"
              design="Emphasized"
              icon="navigation-right-arrow"
              icon-end="true"
              ui5-button=""
            >
              Criar avaliação
            </ui5-button>
          </div>
        </div>
        <div
          class="FlexBox-flexBox-0-2-11 FlexBox-flexBoxDirectionRow-0-2-26 FlexBox-justifyContentStart-0-2-14 FlexBox-alignItemsStretch-0-2-22 FlexBox-flexWrapNoWrap-0-2-28 SearchReviewInfoBox-box-0-2-48"
        >
          <div
            class="FlexBox-flexBox-0-2-11 FlexBox-flexBoxDirectionColumn-0-2-24 FlexBox-justifyContentStart-0-2-14 FlexBox-alignItemsStretch-0-2-22 FlexBox-flexWrapNoWrap-0-2-28 SearchReviewInfoBox-boxTextContainer-0-2-49"
          >
            <ui5-title
              level="H4"
              ui5-title=""
              wrapping-type="Normal"
            >
              Descubra avaliações dos RUs que você frequenta!
            </ui5-title>
            <span
              class="Text-text-0-2-41 SearchReviewInfoBox-boxSubtitle-0-2-50"
            >
              Procure por avaliações deixadas por outros usuários e filtre-as com base em diversas opções.
            </span>
          </div>
        </div>
      </div>
      <div
        class="FlexBox-flexBox-0-2-11 FlexBox-flexBoxDirectionRow-0-2-26 FlexBox-justifyContentStart-0-2-14 FlexBox-alignItemsStretch-0-2-22 FlexBox-flexWrapNoWrap-0-2-28 Home-boxesContainer-0-2-3"
        style="margin-top: 10px; margin-bottom: 0px;"
      >
        <div
          class="FlexBox-flexBox-0-2-11 FlexBox-flexBoxDirectionRow-0-2-26 FlexBox-justifyContentStart-0-2-14 FlexBox-alignItemsStretch-0-2-22 FlexBox-flexWrapNoWrap-0-2-28 ReviewsSearchBar-searchBox-0-2-51"
        >
          <ui5-input
            class="ReviewsSearchBar-searchBar-0-2-52"
            placeholder="Pesquisar (código do RU, nome da universidade, cidade, tags)"
            ui5-input=""
            value=""
          >
            <ui5-icon
              class="ReviewsSearchBar-searchBarIcon-0-2-53"
              name="search"
              slot="icon"
              ui5-icon=""
            />
          </ui5-input>
          <ui5-segmented-button
            ui5-segmented-button=""
          >
            <ui5-segmented-button-item
              icon="filter"
              ui5-segmented-button-item=""
            >
              Filtrar
            </ui5-segmented-button-item>
            <ui5-segmented-button-item
              icon="sys-cancel"
              ui5-segmented-button-item=""
            >
              Limpar filtros
            </ui5-segmented-button-item>
          </ui5-segmented-button>
          <div
            class="FlexBox-flexBox-0-2-11 FlexBox-flexBoxDirectionRow-0-2-26 FlexBox-justifyContentStart-0-2-14 FlexBox-alignItemsStretch-0-2-22 FlexBox-flexWrapNoWrap-0-2-28 ReviewsSearchBar-switchContainer-0-2-54"
          >
            <ui5-switch
              ui5-switch=""
            />
            <ui5-label
              class="ReviewsSearchBar-switchLabelText-0-2-55"
              ui5-label=""
            >
              Filtrar médias
            </ui5-label>
            <ui5-switch
              checked="true"
              ui5-switch=""
            />
            <ui5-label
              class="ReviewsSearchBar-switchLabelText-0-2-55"
              ui5-label=""
            >
              Filtrar avaliações
            </ui5-label>
          </div>
        </div>
        <ui5-dialog
          class="FilterDialog-dialog-0-2-56"
          header-text="Filtrar por"
          ui5-dialog=""
        >
          <div
            class="FlexBox-flexBox-0-2-11 FlexBox-flexBoxDirectionRow-0-2-26 FlexBox-justifyContentStart-0-2-14 FlexBox-alignItemsStretch-0-2-22 FlexBox-flexWrapNoWrap-0-2-28 FilterDialog-footer-0-2-62"
            slot="footer"
          >
            <ui5-button
              class="FilterDialog-button-0-2-63"
              design="Emphasized"
              ui5-button=""
            >
              Aplicar (
              0
              )
            </ui5-button>
            <ui5-button
              class="FilterDialog-button-0-2-63"
              design="Transparent"
              ui5-button=""
            >
              Cancelar
            </ui5-button>
          </div>
          <div
            class="FlexBox-flexBox-0-2-11 FlexBox-flexBoxDirectionColumn-0-2-24 FlexBox-justifyContentStart-0-2-14 FlexBox-alignItemsStretch-0-2-22 FlexBox-flexWrapNoWrap-0-2-28"
          >
            <div
              class="ObjectPage-objectPage-0-2-65 sapScrollBar FilterDialog-objectPage-0-2-57 ObjectPage-iconTabBarMode-0-2-66"
              data-component-name="ObjectPage"
            >
              <header
                aria-roledescription="Object Page header"
                class="ObjectPage-header-0-2-70"
                data-component-name="ObjectPageTopHeader"
                data-not-clickable="true"
                style="grid-auto-columns: min-content 100%; display: grid;"
              />
              <div
                class="ObjectPage-tabContainer-0-2-74"
                data-component-name="ObjectPageTabContainer"
                style="top: 0px;"
              >
                <ui5-tabcontainer
                  class="ObjectPage-tabContainerComponent-0-2-75"
                  collapsed="true"
                  data-component-name="ObjectPageTabContainer"
                  data-sap-ui-fastnavgroup="true"
                  fixed="true"
                  ui5-tabcontainer=""
                >
                  <ui5-tab
                    data-index="0"
                    data-section-id="courseName"
                    selected="true"
                    text="Nome do curso"
                    ui5-tab=""
                  >
                    <span
                      style="display: none;"
                    />
                  </ui5-tab>
                  <ui5-tab
                    data-index="1"
                    data-section-id="dietaryPreference"
                    text="Preferência alimentar"
                    ui5-tab=""
                  >
                    <span
                      style="display: none;"
                    />
                  </ui5-tab>
                  <ui5-tab
                    data-index="2"
                    data-section-id="mealPeriod"
                    text="Período da refeição"
                    ui5-tab=""
                  >
                    <span
                      style="display: none;"
                    />
                  </ui5-tab>
                </ui5-tabcontainer>
              </div>
              <div
                class="ObjectPage-content-0-2-76"
                data-component-name="ObjectPageContent"
              >
                <div
                  aria-hidden="true"
                  style="height: 0px;"
                />
                <section
                  class="ObjectPageSection-section-0-2-82"
                  data-component-name="ObjectPageSection"
                  id="ObjectPageSection-courseName"
                  role="region"
                >
                  <div
                    aria-level="3"
                    class="ObjectPageSection-titleContainer-0-2-84"
                    data-component-name="ObjectPageSectionTitleText"
                    role="heading"
                  >
                    <div
                      class="ObjectPageSection-title-0-2-85 ObjectPageSection-uppercase-0-2-86"
                    >
                      Nome do curso
                    </div>
                  </div>
                  <div
                    class="ObjectPageSection-sectionContent-0-2-88"
                  >
                    <div
                      class="ObjectPageSection-sectionContentInner-0-2-89"
                      data-component-name="ObjectPageSectionContent"
                    >
                      <ui5-input
                        class="FilterDialog-input-0-2-58"
                        placeholder="Ex.: Ciência da Computação"
                        ui5-input=""
                        value=""
                      >
                        <ui5-icon
                          class="FilterDialog-inputIcon-0-2-59"
                          name="search"
                          slot="icon"
                          ui5-icon=""
                        />
                      </ui5-input>
                    </div>
                  </div>
                </section>
                <div
                  aria-hidden="true"
                  style="height: 0px;"
                />
              </div>
              <div
                aria-hidden="true"
                class="ObjectPage-footerSpacer-0-2-78"
                data-component-name="ObjectPageFooterSpacer"
              />
              <footer
                class="ObjectPage-footer-0-2-77"
                data-component-name="ObjectPageFooter"
              >
                <div
                  class="FlexBox-flexBox-0-2-11 FlexBox-flexBoxDirectionRow-0-2-26 FlexBox-justifyContentStart-0-2-14 FlexBox-alignItemsStretch-0-2-22 FlexBox-flexWrapNoWrap-0-2-28 FilterDialog-objectPageFooter-0-2-64"
                >
                  Estes filtros não serão aplicados às médias por restaurante universitário
                </div>
              </footer>
            </div>
          </div>
        </ui5-dialog>
      </div>
      <div
        class="FlexBox-flexBox-0-2-11 FlexBox-flexBoxDirectionRow-0-2-26 FlexBox-justifyContentStart-0-2-14 FlexBox-alignItemsStretch-0-2-22 FlexBox-flexWrapNoWrap-0-2-28 Home-textContainer-0-2-4"
      >
        <div
          class="FlexBox-flexBox-0-2-11 FlexBox-flexBoxDirectionRow-0-2-26 FlexBox-justifyContentStart-0-2-14 FlexBox-alignItemsStretch-0-2-22 FlexBox-flexWrapNoWrap-0-2-28 Home-centeredContainer-0-2-5"
        >
          <ui5-title
            class="Home-sectionText-0-2-6"
            level="H4"
            ui5-title=""
          >
            Médias por Restaurante Universitário
          </ui5-title>
          <span
            class="Text-text-0-2-41 Home-sectionText-0-2-6"
          >
            (
            ??
             RUs)
          </span>
        </div>
      </div>
      <div
        class="FlexBox-flexBox-0-2-11 FlexBox-flexBoxDirectionRow-0-2-26 FlexBox-justifyContentStart-0-2-14 FlexBox-alignItemsStretch-0-2-22 FlexBox-flexWrapNoWrap-0-2-28 Home-averageReviewsContainer-0-2-8"
      >
        <ui5-busy-indicator
          active="true"
          class="Home-busyIndicator-0-2-7"
          delay="0"
          ui5-busy-indicator=""
        />
      </div>
      <div
        class="FlexBox-flexBox-0-2-11 FlexBox-flexBoxDirectionRow-0-2-26 FlexBox-justifyContentStart-0-2-14 FlexBox-alignItemsStretch-0-2-22 FlexBox-flexWrapNoWrap-0-2-28 Home-textContainer-0-2-4"
      >
        <div
          class="FlexBox-flexBox-0-2-11 FlexBox-flexBoxDirectionRow-0-2-26 FlexBox-justifyContentStart-0-2-14 FlexBox-alignItemsStretch-0-2-22 FlexBox-flexWrapNoWrap-0-2-28 Home-centeredContainer-0-2-5"
        >
          <ui5-title
            class="Home-sectionText-0-2-6"
            level="H4"
            ui5-title=""
          >
            Avaliações por Refeição
          </ui5-title>
          <span
            class="Text-text-0-2-41 Home-sectionText-0-2-6"
          >
            (
            ??
             avaliações)
          </span>
        </div>
      </div>
      <div
        class="FlexBox-flexBox-0-2-11 FlexBox-flexBoxDirectionRow-0-2-26 FlexBox-justifyContentStart-0-2-14 FlexBox-alignItemsStretch-0-2-22 FlexBox-flexWrapNoWrap-0-2-28 Home-reviewsContainer-0-2-9"
      >
        <ui5-busy-indicator
          active="true"
          class="Home-busyIndicator-0-2-7"
          delay="0"
          style="margin-bottom: 300px;"
          ui5-busy-indicator=""
        />
      </div>
    </div>
  </div>
</div>
`;
